This is pdfTeX, Version 3.141592653-2.6-1.40.25 (TeX Live 2023/Fedora 40) (preloaded format=pdflatex 2024.10.17)  24 NOV 2025 10:51
entering extended mode
 restricted \write18 enabled.
 %&-line parsing enabled.
**qc_raw_reads.tex
(./qc_raw_reads.tex
LaTeX2e <2022-11-01> patch level 1
L3 programming layer <2023-02-22>
(/usr/share/texlive/texmf-dist/tex/latex/base/article.cls
Document Class: article 2022/07/02 v1.4n Standard LaTeX document class
(/usr/share/texlive/texmf-dist/tex/latex/base/size10.clo
File: size10.clo 2022/07/02 v1.4n Standard LaTeX file (size option)
)
\c@part=\count185
\c@section=\count186
\c@subsection=\count187
\c@subsubsection=\count188
\c@paragraph=\count189
\c@subparagraph=\count190
\c@figure=\count191
\c@table=\count192
\abovecaptionskip=\skip48
\belowcaptionskip=\skip49
\bibindent=\dimen140
)
(/usr/share/texlive/texmf-dist/tex/latex/amsmath/amsmath.sty
Package: amsmath 2022/04/08 v2.17n AMS math features
\@mathmargin=\skip50

For additional information on amsmath, use the `?' option.
(/usr/share/texlive/texmf-dist/tex/latex/amsmath/amstext.sty
Package: amstext 2021/08/26 v2.01 AMS text

(/usr/share/texlive/texmf-dist/tex/latex/amsmath/amsgen.sty
File: amsgen.sty 1999/11/30 v2.0 generic functions
\@emptytoks=\toks16
\ex@=\dimen141
))
(/usr/share/texlive/texmf-dist/tex/latex/amsmath/amsbsy.sty
Package: amsbsy 1999/11/29 v1.2d Bold Symbols
\pmbraise@=\dimen142
)
(/usr/share/texlive/texmf-dist/tex/latex/amsmath/amsopn.sty
Package: amsopn 2022/04/08 v2.04 operator names
)
\inf@bad=\count193
LaTeX Info: Redefining \frac on input line 234.
\uproot@=\count194
\leftroot@=\count195
LaTeX Info: Redefining \overline on input line 399.
LaTeX Info: Redefining \colon on input line 410.
\classnum@=\count196
\DOTSCASE@=\count197
LaTeX Info: Redefining \ldots on input line 496.
LaTeX Info: Redefining \dots on input line 499.
LaTeX Info: Redefining \cdots on input line 620.
\Mathstrutbox@=\box51
\strutbox@=\box52
LaTeX Info: Redefining \big on input line 722.
LaTeX Info: Redefining \Big on input line 723.
LaTeX Info: Redefining \bigg on input line 724.
LaTeX Info: Redefining \Bigg on input line 725.
\big@size=\dimen143
LaTeX Font Info:    Redeclaring font encoding OML on input line 743.
LaTeX Font Info:    Redeclaring font encoding OMS on input line 744.
\macc@depth=\count198
LaTeX Info: Redefining \bmod on input line 905.
LaTeX Info: Redefining \pmod on input line 910.
LaTeX Info: Redefining \smash on input line 940.
LaTeX Info: Redefining \relbar on input line 970.
LaTeX Info: Redefining \Relbar on input line 971.
\c@MaxMatrixCols=\count199
\dotsspace@=\muskip16
\c@parentequation=\count266
\dspbrk@lvl=\count267
\tag@help=\toks17
\row@=\count268
\column@=\count269
\maxfields@=\count270
\andhelp@=\toks18
\eqnshift@=\dimen144
\alignsep@=\dimen145
\tagshift@=\dimen146
\tagwidth@=\dimen147
\totwidth@=\dimen148
\lineht@=\dimen149
\@envbody=\toks19
\multlinegap=\skip51
\multlinetaggap=\skip52
\mathdisplay@stack=\toks20
LaTeX Info: Redefining \[ on input line 2953.
LaTeX Info: Redefining \] on input line 2954.
)
(/usr/share/texlive/texmf-dist/tex/latex/amsfonts/amsfonts.sty
Package: amsfonts 2013/01/14 v3.01 Basic AMSFonts support
\symAMSa=\mathgroup4
\symAMSb=\mathgroup5
LaTeX Font Info:    Redeclaring math symbol \hbar on input line 98.
LaTeX Font Info:    Overwriting math alphabet `\mathfrak' in version `bold'
(Font)                  U/euf/m/n --> U/euf/b/n on input line 106.
)
(/usr/share/texlive/texmf-dist/tex/latex/graphics/graphicx.sty
Package: graphicx 2021/09/16 v1.2d Enhanced LaTeX Graphics (DPC,SPQR)

(/usr/share/texlive/texmf-dist/tex/latex/graphics/keyval.sty
Package: keyval 2022/05/29 v1.15 key=value parser (DPC)
\KV@toks@=\toks21
)
(/usr/share/texlive/texmf-dist/tex/latex/graphics/graphics.sty
Package: graphics 2022/03/10 v1.4e Standard LaTeX Graphics (DPC,SPQR)

(/usr/share/texlive/texmf-dist/tex/latex/graphics/trig.sty
Package: trig 2021/08/11 v1.11 sin cos tan (DPC)
)
(/usr/share/texlive/texmf-dist/tex/latex/graphics-cfg/graphics.cfg
File: graphics.cfg 2016/06/04 v1.11 sample graphics configuration
)
Package graphics Info: Driver file: pdftex.def on input line 107.

(/usr/share/texlive/texmf-dist/tex/latex/graphics-def/pdftex.def
File: pdftex.def 2022/09/22 v1.2b Graphics/color driver for pdftex
))
\Gin@req@height=\dimen150
\Gin@req@width=\dimen151
)
(/usr/share/texlive/texmf-dist/tex/latex/geometry/geometry.sty
Package: geometry 2020/01/02 v5.9 Page Geometry

(/usr/share/texlive/texmf-dist/tex/generic/iftex/ifvtex.sty
Package: ifvtex 2019/10/25 v1.7 ifvtex legacy package. Use iftex instead.

(/usr/share/texlive/texmf-dist/tex/generic/iftex/iftex.sty
Package: iftex 2022/02/03 v1.0f TeX engine tests
))
\Gm@cnth=\count271
\Gm@cntv=\count272
\c@Gm@tempcnt=\count273
\Gm@bindingoffset=\dimen152
\Gm@wd@mp=\dimen153
\Gm@odd@mp=\dimen154
\Gm@even@mp=\dimen155
\Gm@layoutwidth=\dimen156
\Gm@layoutheight=\dimen157
\Gm@layouthoffset=\dimen158
\Gm@layoutvoffset=\dimen159
\Gm@dimlist=\toks22
)
(/usr/share/texlive/texmf-dist/tex/latex/hyperref/hyperref.sty
Package: hyperref 2023-02-07 v7.00v Hypertext links for LaTeX

(/usr/share/texlive/texmf-dist/tex/generic/ltxcmds/ltxcmds.sty
Package: ltxcmds 2020-05-10 v1.25 LaTeX kernel commands for general use (HO)
)
(/usr/share/texlive/texmf-dist/tex/generic/pdftexcmds/pdftexcmds.sty
Package: pdftexcmds 2020-06-27 v0.33 Utility functions of pdfTeX for LuaTeX (HO
)

(/usr/share/texlive/texmf-dist/tex/generic/infwarerr/infwarerr.sty
Package: infwarerr 2019/12/03 v1.5 Providing info/warning/error messages (HO)
)
Package pdftexcmds Info: \pdf@primitive is available.
Package pdftexcmds Info: \pdf@ifprimitive is available.
Package pdftexcmds Info: \pdfdraftmode found.
)
(/usr/share/texlive/texmf-dist/tex/latex/kvsetkeys/kvsetkeys.sty
Package: kvsetkeys 2022-10-05 v1.19 Key value parser (HO)
)
(/usr/share/texlive/texmf-dist/tex/generic/kvdefinekeys/kvdefinekeys.sty
Package: kvdefinekeys 2019-12-19 v1.6 Define keys (HO)
)
(/usr/share/texlive/texmf-dist/tex/generic/pdfescape/pdfescape.sty
Package: pdfescape 2019/12/09 v1.15 Implements pdfTeX's escape features (HO)
)
(/usr/share/texlive/texmf-dist/tex/latex/hycolor/hycolor.sty
Package: hycolor 2020-01-27 v1.10 Color options for hyperref/bookmark (HO)
)
(/usr/share/texlive/texmf-dist/tex/latex/letltxmacro/letltxmacro.sty
Package: letltxmacro 2019/12/03 v1.6 Let assignment for LaTeX macros (HO)
)
(/usr/share/texlive/texmf-dist/tex/latex/auxhook/auxhook.sty
Package: auxhook 2019-12-17 v1.6 Hooks for auxiliary files (HO)
)
(/usr/share/texlive/texmf-dist/tex/latex/hyperref/nameref.sty
Package: nameref 2022-05-17 v2.50 Cross-referencing by name of section

(/usr/share/texlive/texmf-dist/tex/latex/refcount/refcount.sty
Package: refcount 2019/12/15 v3.6 Data extraction from label references (HO)
)
(/usr/share/texlive/texmf-dist/tex/generic/gettitlestring/gettitlestring.sty
Package: gettitlestring 2019/12/15 v1.6 Cleanup title references (HO)

(/usr/share/texlive/texmf-dist/tex/latex/kvoptions/kvoptions.sty
Package: kvoptions 2022-06-15 v3.15 Key value format for package options (HO)
))
\c@section@level=\count274
)
\@linkdim=\dimen160
\Hy@linkcounter=\count275
\Hy@pagecounter=\count276

(/usr/share/texlive/texmf-dist/tex/latex/hyperref/pd1enc.def
File: pd1enc.def 2023-02-07 v7.00v Hyperref: PDFDocEncoding definition (HO)
Now handling font encoding PD1 ...
... no UTF-8 mapping file for font encoding PD1
)
(/usr/share/texlive/texmf-dist/tex/generic/intcalc/intcalc.sty
Package: intcalc 2019/12/15 v1.3 Expandable calculations with integers (HO)
)
(/usr/share/texlive/texmf-dist/tex/generic/etexcmds/etexcmds.sty
Package: etexcmds 2019/12/15 v1.7 Avoid name clashes with e-TeX commands (HO)
)
\Hy@SavedSpaceFactor=\count277

(/usr/share/texlive/texmf-dist/tex/latex/hyperref/puenc.def
File: puenc.def 2023-02-07 v7.00v Hyperref: PDF Unicode definition (HO)
Now handling font encoding PU ...
... no UTF-8 mapping file for font encoding PU
)
Package hyperref Info: Hyper figures OFF on input line 4177.
Package hyperref Info: Link nesting OFF on input line 4182.
Package hyperref Info: Hyper index ON on input line 4185.
Package hyperref Info: Plain pages OFF on input line 4192.
Package hyperref Info: Backreferencing OFF on input line 4197.
Package hyperref Info: Implicit mode ON; LaTeX internals redefined.
Package hyperref Info: Bookmarks ON on input line 4425.
\c@Hy@tempcnt=\count278

(/usr/share/texlive/texmf-dist/tex/latex/url/url.sty
\Urlmuskip=\muskip17
Package: url 2013/09/16  ver 3.4  Verb mode for urls, etc.
)
LaTeX Info: Redefining \url on input line 4763.
\XeTeXLinkMargin=\dimen161

(/usr/share/texlive/texmf-dist/tex/generic/bitset/bitset.sty
Package: bitset 2019/12/09 v1.3 Handle bit-vector datatype (HO)

(/usr/share/texlive/texmf-dist/tex/generic/bigintcalc/bigintcalc.sty
Package: bigintcalc 2019/12/15 v1.5 Expandable calculations on big integers (HO
)
))
\Fld@menulength=\count279
\Field@Width=\dimen162
\Fld@charsize=\dimen163
Package hyperref Info: Hyper figures OFF on input line 6042.
Package hyperref Info: Link nesting OFF on input line 6047.
Package hyperref Info: Hyper index ON on input line 6050.
Package hyperref Info: backreferencing OFF on input line 6057.
Package hyperref Info: Link coloring OFF on input line 6062.
Package hyperref Info: Link coloring with OCG OFF on input line 6067.
Package hyperref Info: PDF/A mode OFF on input line 6072.

(/usr/share/texlive/texmf-dist/tex/latex/base/atbegshi-ltx.sty
Package: atbegshi-ltx 2021/01/10 v1.0c Emulation of the original atbegshi
package with kernel methods
)
\Hy@abspage=\count280
\c@Item=\count281
\c@Hfootnote=\count282
)
Package hyperref Info: Driver (autodetected): hpdftex.

(/usr/share/texlive/texmf-dist/tex/latex/hyperref/hpdftex.def
File: hpdftex.def 2023-02-07 v7.00v Hyperref driver for pdfTeX

(/usr/share/texlive/texmf-dist/tex/latex/base/atveryend-ltx.sty
Package: atveryend-ltx 2020/08/19 v1.0a Emulation of the original atveryend pac
kage
with kernel methods
)
\Fld@listcount=\count283
\c@bookmark@seq@number=\count284

(/usr/share/texlive/texmf-dist/tex/latex/rerunfilecheck/rerunfilecheck.sty
Package: rerunfilecheck 2022-07-10 v1.10 Rerun checks for auxiliary files (HO)

(/usr/share/texlive/texmf-dist/tex/generic/uniquecounter/uniquecounter.sty
Package: uniquecounter 2019/12/15 v1.4 Provide unlimited unique counter (HO)
)
Package uniquecounter Info: New unique counter `rerunfilecheck' on input line 2
85.
)
\Hy@SectionHShift=\skip53
)
(/usr/share/texlive/texmf-dist/tex/latex/listings/listings.sty
\lst@mode=\count285
\lst@gtempboxa=\box53
\lst@token=\toks23
\lst@length=\count286
\lst@currlwidth=\dimen164
\lst@column=\count287
\lst@pos=\count288
\lst@lostspace=\dimen165
\lst@width=\dimen166
\lst@newlines=\count289
\lst@lineno=\count290
\lst@maxwidth=\dimen167

(/usr/share/texlive/texmf-dist/tex/latex/listings/lstmisc.sty
File: lstmisc.sty 2023/02/27 1.9 (Carsten Heinz)
\c@lstnumber=\count291
\lst@skipnumbers=\count292
\lst@framebox=\box54
)
(/usr/share/texlive/texmf-dist/tex/latex/listings/listings.cfg
File: listings.cfg 2023/02/27 1.9 listings configuration
))
Package: listings 2023/02/27 1.9 (Carsten Heinz)

(/usr/share/texlive/texmf-dist/tex/latex/xcolor/xcolor.sty
Package: xcolor 2022/06/12 v2.14 LaTeX color extensions (UK)

(/usr/share/texlive/texmf-dist/tex/latex/graphics-cfg/color.cfg
File: color.cfg 2016/01/02 v1.6 sample color configuration
)
Package xcolor Info: Driver file: pdftex.def on input line 227.

(/usr/share/texlive/texmf-dist/tex/latex/graphics/mathcolor.ltx)
Package xcolor Info: Model `cmy' substituted by `cmy0' on input line 1353.
Package xcolor Info: Model `hsb' substituted by `rgb' on input line 1357.
Package xcolor Info: Model `RGB' extended on input line 1369.
Package xcolor Info: Model `HTML' substituted by `rgb' on input line 1371.
Package xcolor Info: Model `Hsb' substituted by `hsb' on input line 1372.
Package xcolor Info: Model `tHsb' substituted by `hsb' on input line 1373.
Package xcolor Info: Model `HSB' substituted by `hsb' on input line 1374.
Package xcolor Info: Model `Gray' substituted by `gray' on input line 1375.
Package xcolor Info: Model `wave' substituted by `hsb' on input line 1376.
)
(/usr/share/texlive/texmf-dist/tex/latex/l3backend/l3backend-pdftex.def
File: l3backend-pdftex.def 2023-01-16 L3 backend support: PDF output (pdfTeX)
\l__color_backend_stack_int=\count293
\l__pdf_internal_box=\box55
)
(./qc_raw_reads.aux)
\openout1 = `qc_raw_reads.aux'.

LaTeX Font Info:    Checking defaults for OML/cmm/m/it on input line 21.
LaTeX Font Info:    ... okay on input line 21.
LaTeX Font Info:    Checking defaults for OMS/cmsy/m/n on input line 21.
LaTeX Font Info:    ... okay on input line 21.
LaTeX Font Info:    Checking defaults for OT1/cmr/m/n on input line 21.
LaTeX Font Info:    ... okay on input line 21.
LaTeX Font Info:    Checking defaults for T1/cmr/m/n on input line 21.
LaTeX Font Info:    ... okay on input line 21.
LaTeX Font Info:    Checking defaults for TS1/cmr/m/n on input line 21.
LaTeX Font Info:    ... okay on input line 21.
LaTeX Font Info:    Checking defaults for OMX/cmex/m/n on input line 21.
LaTeX Font Info:    ... okay on input line 21.
LaTeX Font Info:    Checking defaults for U/cmr/m/n on input line 21.
LaTeX Font Info:    ... okay on input line 21.
LaTeX Font Info:    Checking defaults for PD1/pdf/m/n on input line 21.
LaTeX Font Info:    ... okay on input line 21.
LaTeX Font Info:    Checking defaults for PU/pdf/m/n on input line 21.
LaTeX Font Info:    ... okay on input line 21.

(/usr/share/texlive/texmf-dist/tex/context/base/mkii/supp-pdf.mkii
[Loading MPS to PDF converter (version 2006.09.02).]
\scratchcounter=\count294
\scratchdimen=\dimen168
\scratchbox=\box56
\nofMPsegments=\count295
\nofMParguments=\count296
\everyMPshowfont=\toks24
\MPscratchCnt=\count297
\MPscratchDim=\dimen169
\MPnumerator=\count298
\makeMPintoPDFobject=\count299
\everyMPtoPDFconversion=\toks25
) (/usr/share/texlive/texmf-dist/tex/latex/epstopdf-pkg/epstopdf-base.sty
Package: epstopdf-base 2020-01-24 v2.11 Base part for package epstopdf
Package epstopdf-base Info: Redefining graphics rule for `.eps' on input line 4
85.

(/usr/share/texlive/texmf-dist/tex/latex/latexconfig/epstopdf-sys.cfg
File: epstopdf-sys.cfg 2010/07/13 v1.3 Configuration of (r)epstopdf for TeX Liv
e
))
*geometry* driver: auto-detecting
*geometry* detected driver: pdftex
*geometry* verbose mode - [ preamble ] result:
* driver: pdftex
* paper: a4paper
* layout: <same size as paper>
* layoutoffset:(h,v)=(0.0pt,0.0pt)
* modes: 
* h-part:(L,W,R)=(56.9055pt, 483.69687pt, 56.9055pt)
* v-part:(T,H,B)=(56.9055pt, 731.23584pt, 56.9055pt)
* \paperwidth=597.50787pt
* \paperheight=845.04684pt
* \textwidth=483.69687pt
* \textheight=731.23584pt
* \oddsidemargin=-15.36449pt
* \evensidemargin=-15.36449pt
* \topmargin=-52.36449pt
* \headheight=12.0pt
* \headsep=25.0pt
* \topskip=10.0pt
* \footskip=30.0pt
* \marginparwidth=65.0pt
* \marginparsep=11.0pt
* \columnsep=10.0pt
* \skip\footins=9.0pt plus 4.0pt minus 2.0pt
* \hoffset=0.0pt
* \voffset=0.0pt
* \mag=1000
* \@twocolumnfalse
* \@twosidefalse
* \@mparswitchfalse
* \@reversemarginfalse
* (1in=72.27pt=25.4mm, 1cm=28.453pt)

Package hyperref Info: Link coloring OFF on input line 21.
(./qc_raw_reads.out) (./qc_raw_reads.out)
\@outlinefile=\write3
\openout3 = `qc_raw_reads.out'.

\c@lstlisting=\count300
 (./qc_raw_reads.toc)
\tf@toc=\write4
\openout4 = `qc_raw_reads.toc'.

LaTeX Font Info:    Trying to load font information for U+msa on input line 36.


(/usr/share/texlive/texmf-dist/tex/latex/amsfonts/umsa.fd
File: umsa.fd 2013/01/14 v3.01 AMS symbols A
)
LaTeX Font Info:    Trying to load font information for U+msb on input line 36.


(/usr/share/texlive/texmf-dist/tex/latex/amsfonts/umsb.fd
File: umsb.fd 2013/01/14 v3.01 AMS symbols B
)
Overfull \hbox (10.99844pt too wide) in paragraph at lines 36--51
[] 
 []

[1

{/var/lib/texmf/fonts/map/pdftex/updmap/pdftex.map}]
<../../data/experiments/abf2_abf3_transfected/02_raw_reads_qc/control/SRR152861
64_fastqc/per_base_quality.png, id=49, 803.0pt x 602.25pt>
File: ../../data/experiments/abf2_abf3_transfected/02_raw_reads_qc/control/SRR1
5286164_fastqc/per_base_quality.png Graphic file (type png)
<use ../../data/experiments/abf2_abf3_transfected/02_raw_reads_qc/control/SRR15
286164_fastqc/per_base_quality.png>
Package pdftex.def Info: ../../data/experiments/abf2_abf3_transfected/02_raw_re
ads_qc/control/SRR15286164_fastqc/per_base_quality.png  used on input line 62.
(pdftex.def)             Requested size: 144.53375pt x 108.40031pt.
<../../data/experiments/abf2_abf3_transfected/02_raw_reads_qc/control/SRR152861
65_fastqc/per_base_quality.png, id=50, 803.0pt x 602.25pt>
File: ../../data/experiments/abf2_abf3_transfected/02_raw_reads_qc/control/SRR1
5286165_fastqc/per_base_quality.png Graphic file (type png)
<use ../../data/experiments/abf2_abf3_transfected/02_raw_reads_qc/control/SRR15
286165_fastqc/per_base_quality.png>
Package pdftex.def Info: ../../data/experiments/abf2_abf3_transfected/02_raw_re
ads_qc/control/SRR15286165_fastqc/per_base_quality.png  used on input line 63.
(pdftex.def)             Requested size: 144.53375pt x 108.40031pt.
<../../data/experiments/abf2_abf3_transfected/02_raw_reads_qc/control/SRR152861
66_fastqc/per_base_quality.png, id=51, 803.0pt x 602.25pt>
File: ../../data/experiments/abf2_abf3_transfected/02_raw_reads_qc/control/SRR1
5286166_fastqc/per_base_quality.png Graphic file (type png)
<use ../../data/experiments/abf2_abf3_transfected/02_raw_reads_qc/control/SRR15
286166_fastqc/per_base_quality.png>
Package pdftex.def Info: ../../data/experiments/abf2_abf3_transfected/02_raw_re
ads_qc/control/SRR15286166_fastqc/per_base_quality.png  used on input line 64.
(pdftex.def)             Requested size: 144.53375pt x 108.40031pt.
<../../data/experiments/abf2_abf3_transfected/02_raw_reads_qc/abf2/SRR15286160_
fastqc/per_base_quality.png, id=52, 803.0pt x 602.25pt>
File: ../../data/experiments/abf2_abf3_transfected/02_raw_reads_qc/abf2/SRR1528
6160_fastqc/per_base_quality.png Graphic file (type png)
<use ../../data/experiments/abf2_abf3_transfected/02_raw_reads_qc/abf2/SRR15286
160_fastqc/per_base_quality.png>
Package pdftex.def Info: ../../data/experiments/abf2_abf3_transfected/02_raw_re
ads_qc/abf2/SRR15286160_fastqc/per_base_quality.png  used on input line 72.
(pdftex.def)             Requested size: 144.53375pt x 108.40031pt.
<../../data/experiments/abf2_abf3_transfected/02_raw_reads_qc/abf2/SRR15286161_
fastqc/per_base_quality.png, id=53, 803.0pt x 602.25pt>
File: ../../data/experiments/abf2_abf3_transfected/02_raw_reads_qc/abf2/SRR1528
6161_fastqc/per_base_quality.png Graphic file (type png)
<use ../../data/experiments/abf2_abf3_transfected/02_raw_reads_qc/abf2/SRR15286
161_fastqc/per_base_quality.png>
Package pdftex.def Info: ../../data/experiments/abf2_abf3_transfected/02_raw_re
ads_qc/abf2/SRR15286161_fastqc/per_base_quality.png  used on input line 73.
(pdftex.def)             Requested size: 144.53375pt x 108.40031pt.
<../../data/experiments/abf2_abf3_transfected/02_raw_reads_qc/abf2/SRR15286162_
fastqc/per_base_quality.png, id=54, 803.0pt x 602.25pt>
File: ../../data/experiments/abf2_abf3_transfected/02_raw_reads_qc/abf2/SRR1528
6162_fastqc/per_base_quality.png Graphic file (type png)
<use ../../data/experiments/abf2_abf3_transfected/02_raw_reads_qc/abf2/SRR15286
162_fastqc/per_base_quality.png>
Package pdftex.def Info: ../../data/experiments/abf2_abf3_transfected/02_raw_re
ads_qc/abf2/SRR15286162_fastqc/per_base_quality.png  used on input line 74.
(pdftex.def)             Requested size: 144.53375pt x 108.40031pt.
<../../data/experiments/abf2_abf3_transfected/02_raw_reads_qc/abf3/SRR15286157_
fastqc/per_base_quality.png, id=55, 803.0pt x 602.25pt>
File: ../../data/experiments/abf2_abf3_transfected/02_raw_reads_qc/abf3/SRR1528
6157_fastqc/per_base_quality.png Graphic file (type png)
<use ../../data/experiments/abf2_abf3_transfected/02_raw_reads_qc/abf3/SRR15286
157_fastqc/per_base_quality.png>
Package pdftex.def Info: ../../data/experiments/abf2_abf3_transfected/02_raw_re
ads_qc/abf3/SRR15286157_fastqc/per_base_quality.png  used on input line 83.
(pdftex.def)             Requested size: 144.53375pt x 108.40031pt.
<../../data/experiments/abf2_abf3_transfected/02_raw_reads_qc/abf3/SRR15286158_
fastqc/per_base_quality.png, id=56, 803.0pt x 602.25pt>
File: ../../data/experiments/abf2_abf3_transfected/02_raw_reads_qc/abf3/SRR1528
6158_fastqc/per_base_quality.png Graphic file (type png)
<use ../../data/experiments/abf2_abf3_transfected/02_raw_reads_qc/abf3/SRR15286
158_fastqc/per_base_quality.png>
Package pdftex.def Info: ../../data/experiments/abf2_abf3_transfected/02_raw_re
ads_qc/abf3/SRR15286158_fastqc/per_base_quality.png  used on input line 84.
(pdftex.def)             Requested size: 144.53375pt x 108.40031pt.
<../../data/experiments/abf2_abf3_transfected/02_raw_reads_qc/abf3/SRR15286159_
fastqc/per_base_quality.png, id=57, 803.0pt x 602.25pt>
File: ../../data/experiments/abf2_abf3_transfected/02_raw_reads_qc/abf3/SRR1528
6159_fastqc/per_base_quality.png Graphic file (type png)
<use ../../data/experiments/abf2_abf3_transfected/02_raw_reads_qc/abf3/SRR15286
159_fastqc/per_base_quality.png>
Package pdftex.def Info: ../../data/experiments/abf2_abf3_transfected/02_raw_re
ads_qc/abf3/SRR15286159_fastqc/per_base_quality.png  used on input line 85.
(pdftex.def)             Requested size: 144.53375pt x 108.40031pt.
 [2 <../../data/experiments/abf2_abf3_transfected/02_raw_reads_qc/control/SRR15
286164_fastqc/per_base_quality.png (PNG copy)> <../../data/experiments/abf2_abf
3_transfected/02_raw_reads_qc/control/SRR15286165_fastqc/per_base_quality.png (
PNG copy)> <../../data/experiments/abf2_abf3_transfected/02_raw_reads_qc/contro
l/SRR15286166_fastqc/per_base_quality.png (PNG copy)> <../../data/experiments/a
bf2_abf3_transfected/02_raw_reads_qc/abf2/SRR15286160_fastqc/per_base_quality.p
ng (PNG copy)> <../../data/experiments/abf2_abf3_transfected/02_raw_reads_qc/ab
f2/SRR15286161_fastqc/per_base_quality.png (PNG copy)> <../../data/experiments/
abf2_abf3_transfected/02_raw_reads_qc/abf2/SRR15286162_fastqc/per_base_quality.
png (PNG copy)> <../../data/experiments/abf2_abf3_transfected/02_raw_reads_qc/a
bf3/SRR15286157_fastqc/per_base_quality.png (PNG copy)> <../../data/experiments
/abf2_abf3_transfected/02_raw_reads_qc/abf3/SRR15286158_fastqc/per_base_quality
.png (PNG copy)> <../../data/experiments/abf2_abf3_transfected/02_raw_reads_qc/
abf3/SRR15286159_fastqc/per_base_quality.png (PNG copy)>]
<../../data/experiments/abf2_abf3_transfected/02_raw_reads_qc/control/SRR152861
64_fastqc/per_sequence_quality.png, id=63, 803.0pt x 602.25pt>
File: ../../data/experiments/abf2_abf3_transfected/02_raw_reads_qc/control/SRR1
5286164_fastqc/per_sequence_quality.png Graphic file (type png)
<use ../../data/experiments/abf2_abf3_transfected/02_raw_reads_qc/control/SRR15
286164_fastqc/per_sequence_quality.png>
Package pdftex.def Info: ../../data/experiments/abf2_abf3_transfected/02_raw_re
ads_qc/control/SRR15286164_fastqc/per_sequence_quality.png  used on input line 
100.
(pdftex.def)             Requested size: 144.53375pt x 108.40031pt.
<../../data/experiments/abf2_abf3_transfected/02_raw_reads_qc/control/SRR152861
65_fastqc/per_sequence_quality.png, id=64, 803.0pt x 602.25pt>
File: ../../data/experiments/abf2_abf3_transfected/02_raw_reads_qc/control/SRR1
5286165_fastqc/per_sequence_quality.png Graphic file (type png)
<use ../../data/experiments/abf2_abf3_transfected/02_raw_reads_qc/control/SRR15
286165_fastqc/per_sequence_quality.png>
Package pdftex.def Info: ../../data/experiments/abf2_abf3_transfected/02_raw_re
ads_qc/control/SRR15286165_fastqc/per_sequence_quality.png  used on input line 
101.
(pdftex.def)             Requested size: 144.53375pt x 108.40031pt.
<../../data/experiments/abf2_abf3_transfected/02_raw_reads_qc/control/SRR152861
66_fastqc/per_sequence_quality.png, id=65, 803.0pt x 602.25pt>
File: ../../data/experiments/abf2_abf3_transfected/02_raw_reads_qc/control/SRR1
5286166_fastqc/per_sequence_quality.png Graphic file (type png)
<use ../../data/experiments/abf2_abf3_transfected/02_raw_reads_qc/control/SRR15
286166_fastqc/per_sequence_quality.png>
Package pdftex.def Info: ../../data/experiments/abf2_abf3_transfected/02_raw_re
ads_qc/control/SRR15286166_fastqc/per_sequence_quality.png  used on input line 
102.
(pdftex.def)             Requested size: 144.53375pt x 108.40031pt.
<../../data/experiments/abf2_abf3_transfected/02_raw_reads_qc/abf2/SRR15286160_
fastqc/per_sequence_quality.png, id=66, 803.0pt x 602.25pt>
File: ../../data/experiments/abf2_abf3_transfected/02_raw_reads_qc/abf2/SRR1528
6160_fastqc/per_sequence_quality.png Graphic file (type png)
<use ../../data/experiments/abf2_abf3_transfected/02_raw_reads_qc/abf2/SRR15286
160_fastqc/per_sequence_quality.png>
Package pdftex.def Info: ../../data/experiments/abf2_abf3_transfected/02_raw_re
ads_qc/abf2/SRR15286160_fastqc/per_sequence_quality.png  used on input line 110
.
(pdftex.def)             Requested size: 144.53375pt x 108.40031pt.
<../../data/experiments/abf2_abf3_transfected/02_raw_reads_qc/abf2/SRR15286161_
fastqc/per_sequence_quality.png, id=67, 803.0pt x 602.25pt>
File: ../../data/experiments/abf2_abf3_transfected/02_raw_reads_qc/abf2/SRR1528
6161_fastqc/per_sequence_quality.png Graphic file (type png)
<use ../../data/experiments/abf2_abf3_transfected/02_raw_reads_qc/abf2/SRR15286
161_fastqc/per_sequence_quality.png>
Package pdftex.def Info: ../../data/experiments/abf2_abf3_transfected/02_raw_re
ads_qc/abf2/SRR15286161_fastqc/per_sequence_quality.png  used on input line 111
.
(pdftex.def)             Requested size: 144.53375pt x 108.40031pt.
<../../data/experiments/abf2_abf3_transfected/02_raw_reads_qc/abf2/SRR15286162_
fastqc/per_sequence_quality.png, id=68, 803.0pt x 602.25pt>
File: ../../data/experiments/abf2_abf3_transfected/02_raw_reads_qc/abf2/SRR1528
6162_fastqc/per_sequence_quality.png Graphic file (type png)
<use ../../data/experiments/abf2_abf3_transfected/02_raw_reads_qc/abf2/SRR15286
162_fastqc/per_sequence_quality.png>
Package pdftex.def Info: ../../data/experiments/abf2_abf3_transfected/02_raw_re
ads_qc/abf2/SRR15286162_fastqc/per_sequence_quality.png  used on input line 112
.
(pdftex.def)             Requested size: 144.53375pt x 108.40031pt.
<../../data/experiments/abf2_abf3_transfected/02_raw_reads_qc/abf3/SRR15286157_
fastqc/per_sequence_quality.png, id=69, 803.0pt x 602.25pt>
File: ../../data/experiments/abf2_abf3_transfected/02_raw_reads_qc/abf3/SRR1528
6157_fastqc/per_sequence_quality.png Graphic file (type png)
<use ../../data/experiments/abf2_abf3_transfected/02_raw_reads_qc/abf3/SRR15286
157_fastqc/per_sequence_quality.png>
Package pdftex.def Info: ../../data/experiments/abf2_abf3_transfected/02_raw_re
ads_qc/abf3/SRR15286157_fastqc/per_sequence_quality.png  used on input line 121
.
(pdftex.def)             Requested size: 144.53375pt x 108.40031pt.
<../../data/experiments/abf2_abf3_transfected/02_raw_reads_qc/abf3/SRR15286158_
fastqc/per_sequence_quality.png, id=70, 803.0pt x 602.25pt>
File: ../../data/experiments/abf2_abf3_transfected/02_raw_reads_qc/abf3/SRR1528
6158_fastqc/per_sequence_quality.png Graphic file (type png)
<use ../../data/experiments/abf2_abf3_transfected/02_raw_reads_qc/abf3/SRR15286
158_fastqc/per_sequence_quality.png>
Package pdftex.def Info: ../../data/experiments/abf2_abf3_transfected/02_raw_re
ads_qc/abf3/SRR15286158_fastqc/per_sequence_quality.png  used on input line 122
.
(pdftex.def)             Requested size: 144.53375pt x 108.40031pt.
<../../data/experiments/abf2_abf3_transfected/02_raw_reads_qc/abf3/SRR15286159_
fastqc/per_sequence_quality.png, id=71, 803.0pt x 602.25pt>
File: ../../data/experiments/abf2_abf3_transfected/02_raw_reads_qc/abf3/SRR1528
6159_fastqc/per_sequence_quality.png Graphic file (type png)
<use ../../data/experiments/abf2_abf3_transfected/02_raw_reads_qc/abf3/SRR15286
159_fastqc/per_sequence_quality.png>
Package pdftex.def Info: ../../data/experiments/abf2_abf3_transfected/02_raw_re
ads_qc/abf3/SRR15286159_fastqc/per_sequence_quality.png  used on input line 123
.
(pdftex.def)             Requested size: 144.53375pt x 108.40031pt.
 [3 <../../data/experiments/abf2_abf3_transfected/02_raw_reads_qc/control/SRR15
286164_fastqc/per_sequence_quality.png (PNG copy)> <../../data/experiments/abf2
_abf3_transfected/02_raw_reads_qc/control/SRR15286165_fastqc/per_sequence_quali
ty.png (PNG copy)> <../../data/experiments/abf2_abf3_transfected/02_raw_reads_q
c/control/SRR15286166_fastqc/per_sequence_quality.png (PNG copy)> <../../data/e
xperiments/abf2_abf3_transfected/02_raw_reads_qc/abf2/SRR15286160_fastqc/per_se
quence_quality.png (PNG copy)> <../../data/experiments/abf2_abf3_transfected/02
_raw_reads_qc/abf2/SRR15286161_fastqc/per_sequence_quality.png (PNG copy)> <../
../data/experiments/abf2_abf3_transfected/02_raw_reads_qc/abf2/SRR15286162_fast
qc/per_sequence_quality.png (PNG copy)> <../../data/experiments/abf2_abf3_trans
fected/02_raw_reads_qc/abf3/SRR15286157_fastqc/per_sequence_quality.png (PNG co
py)> <../../data/experiments/abf2_abf3_transfected/02_raw_reads_qc/abf3/SRR1528
6158_fastqc/per_sequence_quality.png (PNG copy)> <../../data/experiments/abf2_a
bf3_transfected/02_raw_reads_qc/abf3/SRR15286159_fastqc/per_sequence_quality.pn
g (PNG copy)>]
<../../data/experiments/abf2_abf3_transfected/02_raw_reads_qc/control/SRR152861
64_fastqc/adapter_content.png, id=76, 978.65625pt x 602.25pt>
File: ../../data/experiments/abf2_abf3_transfected/02_raw_reads_qc/control/SRR1
5286164_fastqc/adapter_content.png Graphic file (type png)
<use ../../data/experiments/abf2_abf3_transfected/02_raw_reads_qc/control/SRR15
286164_fastqc/adapter_content.png>
Package pdftex.def Info: ../../data/experiments/abf2_abf3_transfected/02_raw_re
ads_qc/control/SRR15286164_fastqc/adapter_content.png  used on input line 137.
(pdftex.def)             Requested size: 146.7921pt x 90.33359pt.
<../../data/experiments/abf2_abf3_transfected/02_raw_reads_qc/control/SRR152861
65_fastqc/adapter_content.png, id=77, 978.65625pt x 602.25pt>
File: ../../data/experiments/abf2_abf3_transfected/02_raw_reads_qc/control/SRR1
5286165_fastqc/adapter_content.png Graphic file (type png)
<use ../../data/experiments/abf2_abf3_transfected/02_raw_reads_qc/control/SRR15
286165_fastqc/adapter_content.png>
Package pdftex.def Info: ../../data/experiments/abf2_abf3_transfected/02_raw_re
ads_qc/control/SRR15286165_fastqc/adapter_content.png  used on input line 138.
(pdftex.def)             Requested size: 146.7921pt x 90.33359pt.
<../../data/experiments/abf2_abf3_transfected/02_raw_reads_qc/control/SRR152861
66_fastqc/adapter_content.png, id=78, 978.65625pt x 602.25pt>
File: ../../data/experiments/abf2_abf3_transfected/02_raw_reads_qc/control/SRR1
5286166_fastqc/adapter_content.png Graphic file (type png)
<use ../../data/experiments/abf2_abf3_transfected/02_raw_reads_qc/control/SRR15
286166_fastqc/adapter_content.png>
Package pdftex.def Info: ../../data/experiments/abf2_abf3_transfected/02_raw_re
ads_qc/control/SRR15286166_fastqc/adapter_content.png  used on input line 139.
(pdftex.def)             Requested size: 146.7921pt x 90.33359pt.
<../../data/experiments/abf2_abf3_transfected/02_raw_reads_qc/abf2/SRR15286160_
fastqc/adapter_content.png, id=79, 978.65625pt x 602.25pt>
File: ../../data/experiments/abf2_abf3_transfected/02_raw_reads_qc/abf2/SRR1528
6160_fastqc/adapter_content.png Graphic file (type png)
<use ../../data/experiments/abf2_abf3_transfected/02_raw_reads_qc/abf2/SRR15286
160_fastqc/adapter_content.png>
Package pdftex.def Info: ../../data/experiments/abf2_abf3_transfected/02_raw_re
ads_qc/abf2/SRR15286160_fastqc/adapter_content.png  used on input line 147.
(pdftex.def)             Requested size: 146.7921pt x 90.33359pt.
<../../data/experiments/abf2_abf3_transfected/02_raw_reads_qc/abf2/SRR15286161_
fastqc/adapter_content.png, id=80, 978.65625pt x 602.25pt>
File: ../../data/experiments/abf2_abf3_transfected/02_raw_reads_qc/abf2/SRR1528
6161_fastqc/adapter_content.png Graphic file (type png)
<use ../../data/experiments/abf2_abf3_transfected/02_raw_reads_qc/abf2/SRR15286
161_fastqc/adapter_content.png>
Package pdftex.def Info: ../../data/experiments/abf2_abf3_transfected/02_raw_re
ads_qc/abf2/SRR15286161_fastqc/adapter_content.png  used on input line 148.
(pdftex.def)             Requested size: 146.7921pt x 90.33359pt.
<../../data/experiments/abf2_abf3_transfected/02_raw_reads_qc/abf2/SRR15286162_
fastqc/adapter_content.png, id=81, 978.65625pt x 602.25pt>
File: ../../data/experiments/abf2_abf3_transfected/02_raw_reads_qc/abf2/SRR1528
6162_fastqc/adapter_content.png Graphic file (type png)
<use ../../data/experiments/abf2_abf3_transfected/02_raw_reads_qc/abf2/SRR15286
162_fastqc/adapter_content.png>
Package pdftex.def Info: ../../data/experiments/abf2_abf3_transfected/02_raw_re
ads_qc/abf2/SRR15286162_fastqc/adapter_content.png  used on input line 149.
(pdftex.def)             Requested size: 146.7921pt x 90.33359pt.
<../../data/experiments/abf2_abf3_transfected/02_raw_reads_qc/abf3/SRR15286157_
fastqc/adapter_content.png, id=82, 978.65625pt x 602.25pt>
File: ../../data/experiments/abf2_abf3_transfected/02_raw_reads_qc/abf3/SRR1528
6157_fastqc/adapter_content.png Graphic file (type png)
<use ../../data/experiments/abf2_abf3_transfected/02_raw_reads_qc/abf3/SRR15286
157_fastqc/adapter_content.png>
Package pdftex.def Info: ../../data/experiments/abf2_abf3_transfected/02_raw_re
ads_qc/abf3/SRR15286157_fastqc/adapter_content.png  used on input line 158.
(pdftex.def)             Requested size: 146.7921pt x 90.33359pt.
<../../data/experiments/abf2_abf3_transfected/02_raw_reads_qc/abf3/SRR15286158_
fastqc/adapter_content.png, id=83, 978.65625pt x 602.25pt>
File: ../../data/experiments/abf2_abf3_transfected/02_raw_reads_qc/abf3/SRR1528
6158_fastqc/adapter_content.png Graphic file (type png)
<use ../../data/experiments/abf2_abf3_transfected/02_raw_reads_qc/abf3/SRR15286
158_fastqc/adapter_content.png>
Package pdftex.def Info: ../../data/experiments/abf2_abf3_transfected/02_raw_re
ads_qc/abf3/SRR15286158_fastqc/adapter_content.png  used on input line 159.
(pdftex.def)             Requested size: 146.7921pt x 90.33359pt.
<../../data/experiments/abf2_abf3_transfected/02_raw_reads_qc/abf3/SRR15286159_
fastqc/adapter_content.png, id=84, 978.65625pt x 602.25pt>
File: ../../data/experiments/abf2_abf3_transfected/02_raw_reads_qc/abf3/SRR1528
6159_fastqc/adapter_content.png Graphic file (type png)
<use ../../data/experiments/abf2_abf3_transfected/02_raw_reads_qc/abf3/SRR15286
159_fastqc/adapter_content.png>
Package pdftex.def Info: ../../data/experiments/abf2_abf3_transfected/02_raw_re
ads_qc/abf3/SRR15286159_fastqc/adapter_content.png  used on input line 160.
(pdftex.def)             Requested size: 146.7921pt x 90.33359pt.
 [4 <../../data/experiments/abf2_abf3_transfected/02_raw_reads_qc/control/SRR15
286164_fastqc/adapter_content.png (PNG copy)> <../../data/experiments/abf2_abf3
_transfected/02_raw_reads_qc/control/SRR15286165_fastqc/adapter_content.png (PN
G copy)> <../../data/experiments/abf2_abf3_transfected/02_raw_reads_qc/control/
SRR15286166_fastqc/adapter_content.png (PNG copy)> <../../data/experiments/abf2
_abf3_transfected/02_raw_reads_qc/abf2/SRR15286160_fastqc/adapter_content.png (
PNG copy)> <../../data/experiments/abf2_abf3_transfected/02_raw_reads_qc/abf2/S
RR15286161_fastqc/adapter_content.png (PNG copy)> <../../data/experiments/abf2_
abf3_transfected/02_raw_reads_qc/abf2/SRR15286162_fastqc/adapter_content.png (P
NG copy)> <../../data/experiments/abf2_abf3_transfected/02_raw_reads_qc/abf3/SR
R15286157_fastqc/adapter_content.png (PNG copy)> <../../data/experiments/abf2_a
bf3_transfected/02_raw_reads_qc/abf3/SRR15286158_fastqc/adapter_content.png (PN
G copy)> <../../data/experiments/abf2_abf3_transfected/02_raw_reads_qc/abf3/SRR
15286159_fastqc/adapter_content.png (PNG copy)>]
<../../data/experiments/abf2_abf3_transfected/02_raw_reads_qc/control/SRR152861
64_fastqc/duplication_levels.png, id=89, 803.0pt x 602.25pt>
File: ../../data/experiments/abf2_abf3_transfected/02_raw_reads_qc/control/SRR1
5286164_fastqc/duplication_levels.png Graphic file (type png)
<use ../../data/experiments/abf2_abf3_transfected/02_raw_reads_qc/control/SRR15
286164_fastqc/duplication_levels.png>
Package pdftex.def Info: ../../data/experiments/abf2_abf3_transfected/02_raw_re
ads_qc/control/SRR15286164_fastqc/duplication_levels.png  used on input line 17
6.
(pdftex.def)             Requested size: 144.53375pt x 108.40031pt.
<../../data/experiments/abf2_abf3_transfected/02_raw_reads_qc/control/SRR152861
65_fastqc/duplication_levels.png, id=90, 803.0pt x 602.25pt>
File: ../../data/experiments/abf2_abf3_transfected/02_raw_reads_qc/control/SRR1
5286165_fastqc/duplication_levels.png Graphic file (type png)
<use ../../data/experiments/abf2_abf3_transfected/02_raw_reads_qc/control/SRR15
286165_fastqc/duplication_levels.png>
Package pdftex.def Info: ../../data/experiments/abf2_abf3_transfected/02_raw_re
ads_qc/control/SRR15286165_fastqc/duplication_levels.png  used on input line 17
7.
(pdftex.def)             Requested size: 144.53375pt x 108.40031pt.
<../../data/experiments/abf2_abf3_transfected/02_raw_reads_qc/control/SRR152861
66_fastqc/duplication_levels.png, id=91, 803.0pt x 602.25pt>
File: ../../data/experiments/abf2_abf3_transfected/02_raw_reads_qc/control/SRR1
5286166_fastqc/duplication_levels.png Graphic file (type png)
<use ../../data/experiments/abf2_abf3_transfected/02_raw_reads_qc/control/SRR15
286166_fastqc/duplication_levels.png>
Package pdftex.def Info: ../../data/experiments/abf2_abf3_transfected/02_raw_re
ads_qc/control/SRR15286166_fastqc/duplication_levels.png  used on input line 17
8.
(pdftex.def)             Requested size: 144.53375pt x 108.40031pt.
<../../data/experiments/abf2_abf3_transfected/02_raw_reads_qc/abf2/SRR15286160_
fastqc/duplication_levels.png, id=92, 803.0pt x 602.25pt>
File: ../../data/experiments/abf2_abf3_transfected/02_raw_reads_qc/abf2/SRR1528
6160_fastqc/duplication_levels.png Graphic file (type png)
<use ../../data/experiments/abf2_abf3_transfected/02_raw_reads_qc/abf2/SRR15286
160_fastqc/duplication_levels.png>
Package pdftex.def Info: ../../data/experiments/abf2_abf3_transfected/02_raw_re
ads_qc/abf2/SRR15286160_fastqc/duplication_levels.png  used on input line 186.
(pdftex.def)             Requested size: 144.53375pt x 108.40031pt.
<../../data/experiments/abf2_abf3_transfected/02_raw_reads_qc/abf2/SRR15286161_
fastqc/duplication_levels.png, id=93, 803.0pt x 602.25pt>
File: ../../data/experiments/abf2_abf3_transfected/02_raw_reads_qc/abf2/SRR1528
6161_fastqc/duplication_levels.png Graphic file (type png)
<use ../../data/experiments/abf2_abf3_transfected/02_raw_reads_qc/abf2/SRR15286
161_fastqc/duplication_levels.png>
Package pdftex.def Info: ../../data/experiments/abf2_abf3_transfected/02_raw_re
ads_qc/abf2/SRR15286161_fastqc/duplication_levels.png  used on input line 187.
(pdftex.def)             Requested size: 144.53375pt x 108.40031pt.
<../../data/experiments/abf2_abf3_transfected/02_raw_reads_qc/abf2/SRR15286162_
fastqc/duplication_levels.png, id=94, 803.0pt x 602.25pt>
File: ../../data/experiments/abf2_abf3_transfected/02_raw_reads_qc/abf2/SRR1528
6162_fastqc/duplication_levels.png Graphic file (type png)
<use ../../data/experiments/abf2_abf3_transfected/02_raw_reads_qc/abf2/SRR15286
162_fastqc/duplication_levels.png>
Package pdftex.def Info: ../../data/experiments/abf2_abf3_transfected/02_raw_re
ads_qc/abf2/SRR15286162_fastqc/duplication_levels.png  used on input line 188.
(pdftex.def)             Requested size: 144.53375pt x 108.40031pt.
<../../data/experiments/abf2_abf3_transfected/02_raw_reads_qc/abf3/SRR15286157_
fastqc/duplication_levels.png, id=95, 803.0pt x 602.25pt>
File: ../../data/experiments/abf2_abf3_transfected/02_raw_reads_qc/abf3/SRR1528
6157_fastqc/duplication_levels.png Graphic file (type png)
<use ../../data/experiments/abf2_abf3_transfected/02_raw_reads_qc/abf3/SRR15286
157_fastqc/duplication_levels.png>
Package pdftex.def Info: ../../data/experiments/abf2_abf3_transfected/02_raw_re
ads_qc/abf3/SRR15286157_fastqc/duplication_levels.png  used on input line 197.
(pdftex.def)             Requested size: 144.53375pt x 108.40031pt.
<../../data/experiments/abf2_abf3_transfected/02_raw_reads_qc/abf3/SRR15286158_
fastqc/duplication_levels.png, id=96, 803.0pt x 602.25pt>
File: ../../data/experiments/abf2_abf3_transfected/02_raw_reads_qc/abf3/SRR1528
6158_fastqc/duplication_levels.png Graphic file (type png)
<use ../../data/experiments/abf2_abf3_transfected/02_raw_reads_qc/abf3/SRR15286
158_fastqc/duplication_levels.png>
Package pdftex.def Info: ../../data/experiments/abf2_abf3_transfected/02_raw_re
ads_qc/abf3/SRR15286158_fastqc/duplication_levels.png  used on input line 198.
(pdftex.def)             Requested size: 144.53375pt x 108.40031pt.
<../../data/experiments/abf2_abf3_transfected/02_raw_reads_qc/abf3/SRR15286159_
fastqc/duplication_levels.png, id=97, 803.0pt x 602.25pt>
File: ../../data/experiments/abf2_abf3_transfected/02_raw_reads_qc/abf3/SRR1528
6159_fastqc/duplication_levels.png Graphic file (type png)
<use ../../data/experiments/abf2_abf3_transfected/02_raw_reads_qc/abf3/SRR15286
159_fastqc/duplication_levels.png>
Package pdftex.def Info: ../../data/experiments/abf2_abf3_transfected/02_raw_re
ads_qc/abf3/SRR15286159_fastqc/duplication_levels.png  used on input line 199.
(pdftex.def)             Requested size: 144.53375pt x 108.40031pt.
 [5 <../../data/experiments/abf2_abf3_transfected/02_raw_reads_qc/control/SRR15
286164_fastqc/duplication_levels.png (PNG copy)> <../../data/experiments/abf2_a
bf3_transfected/02_raw_reads_qc/control/SRR15286165_fastqc/duplication_levels.p
ng (PNG copy)> <../../data/experiments/abf2_abf3_transfected/02_raw_reads_qc/co
ntrol/SRR15286166_fastqc/duplication_levels.png (PNG copy)> <../../data/experim
ents/abf2_abf3_transfected/02_raw_reads_qc/abf2/SRR15286160_fastqc/duplication_
levels.png (PNG copy)> <../../data/experiments/abf2_abf3_transfected/02_raw_rea
ds_qc/abf2/SRR15286161_fastqc/duplication_levels.png (PNG copy)> <../../data/ex
periments/abf2_abf3_transfected/02_raw_reads_qc/abf2/SRR15286162_fastqc/duplica
tion_levels.png (PNG copy)> <../../data/experiments/abf2_abf3_transfected/02_ra
w_reads_qc/abf3/SRR15286157_fastqc/duplication_levels.png (PNG copy)> <../../da
ta/experiments/abf2_abf3_transfected/02_raw_reads_qc/abf3/SRR15286158_fastqc/du
plication_levels.png (PNG copy)> <../../data/experiments/abf2_abf3_transfected/
02_raw_reads_qc/abf3/SRR15286159_fastqc/duplication_levels.png (PNG copy)>]
<../../data/experiments/abf2_abf3_transfected/02_raw_reads_qc/control/SRR152861
64_fastqc/per_sequence_gc_content.png, id=102, 803.0pt x 602.25pt>
File: ../../data/experiments/abf2_abf3_transfected/02_raw_reads_qc/control/SRR1
5286164_fastqc/per_sequence_gc_content.png Graphic file (type png)
<use ../../data/experiments/abf2_abf3_transfected/02_raw_reads_qc/control/SRR15
286164_fastqc/per_sequence_gc_content.png>
Package pdftex.def Info: ../../data/experiments/abf2_abf3_transfected/02_raw_re
ads_qc/control/SRR15286164_fastqc/per_sequence_gc_content.png  used on input li
ne 213.
(pdftex.def)             Requested size: 144.53375pt x 108.40031pt.
<../../data/experiments/abf2_abf3_transfected/02_raw_reads_qc/control/SRR152861
65_fastqc/per_sequence_gc_content.png, id=103, 803.0pt x 602.25pt>
File: ../../data/experiments/abf2_abf3_transfected/02_raw_reads_qc/control/SRR1
5286165_fastqc/per_sequence_gc_content.png Graphic file (type png)
<use ../../data/experiments/abf2_abf3_transfected/02_raw_reads_qc/control/SRR15
286165_fastqc/per_sequence_gc_content.png>
Package pdftex.def Info: ../../data/experiments/abf2_abf3_transfected/02_raw_re
ads_qc/control/SRR15286165_fastqc/per_sequence_gc_content.png  used on input li
ne 214.
(pdftex.def)             Requested size: 144.53375pt x 108.40031pt.
<../../data/experiments/abf2_abf3_transfected/02_raw_reads_qc/control/SRR152861
66_fastqc/per_sequence_gc_content.png, id=104, 803.0pt x 602.25pt>
File: ../../data/experiments/abf2_abf3_transfected/02_raw_reads_qc/control/SRR1
5286166_fastqc/per_sequence_gc_content.png Graphic file (type png)
<use ../../data/experiments/abf2_abf3_transfected/02_raw_reads_qc/control/SRR15
286166_fastqc/per_sequence_gc_content.png>
Package pdftex.def Info: ../../data/experiments/abf2_abf3_transfected/02_raw_re
ads_qc/control/SRR15286166_fastqc/per_sequence_gc_content.png  used on input li
ne 215.
(pdftex.def)             Requested size: 144.53375pt x 108.40031pt.
<../../data/experiments/abf2_abf3_transfected/02_raw_reads_qc/abf2/SRR15286160_
fastqc/per_sequence_gc_content.png, id=105, 803.0pt x 602.25pt>
File: ../../data/experiments/abf2_abf3_transfected/02_raw_reads_qc/abf2/SRR1528
6160_fastqc/per_sequence_gc_content.png Graphic file (type png)
<use ../../data/experiments/abf2_abf3_transfected/02_raw_reads_qc/abf2/SRR15286
160_fastqc/per_sequence_gc_content.png>
Package pdftex.def Info: ../../data/experiments/abf2_abf3_transfected/02_raw_re
ads_qc/abf2/SRR15286160_fastqc/per_sequence_gc_content.png  used on input line 
223.
(pdftex.def)             Requested size: 144.53375pt x 108.40031pt.
<../../data/experiments/abf2_abf3_transfected/02_raw_reads_qc/abf2/SRR15286161_
fastqc/per_sequence_gc_content.png, id=106, 803.0pt x 602.25pt>
File: ../../data/experiments/abf2_abf3_transfected/02_raw_reads_qc/abf2/SRR1528
6161_fastqc/per_sequence_gc_content.png Graphic file (type png)
<use ../../data/experiments/abf2_abf3_transfected/02_raw_reads_qc/abf2/SRR15286
161_fastqc/per_sequence_gc_content.png>
Package pdftex.def Info: ../../data/experiments/abf2_abf3_transfected/02_raw_re
ads_qc/abf2/SRR15286161_fastqc/per_sequence_gc_content.png  used on input line 
224.
(pdftex.def)             Requested size: 144.53375pt x 108.40031pt.
<../../data/experiments/abf2_abf3_transfected/02_raw_reads_qc/abf2/SRR15286162_
fastqc/per_sequence_gc_content.png, id=107, 803.0pt x 602.25pt>
File: ../../data/experiments/abf2_abf3_transfected/02_raw_reads_qc/abf2/SRR1528
6162_fastqc/per_sequence_gc_content.png Graphic file (type png)
<use ../../data/experiments/abf2_abf3_transfected/02_raw_reads_qc/abf2/SRR15286
162_fastqc/per_sequence_gc_content.png>
Package pdftex.def Info: ../../data/experiments/abf2_abf3_transfected/02_raw_re
ads_qc/abf2/SRR15286162_fastqc/per_sequence_gc_content.png  used on input line 
225.
(pdftex.def)             Requested size: 144.53375pt x 108.40031pt.
<../../data/experiments/abf2_abf3_transfected/02_raw_reads_qc/abf3/SRR15286157_
fastqc/per_sequence_gc_content.png, id=108, 803.0pt x 602.25pt>
File: ../../data/experiments/abf2_abf3_transfected/02_raw_reads_qc/abf3/SRR1528
6157_fastqc/per_sequence_gc_content.png Graphic file (type png)
<use ../../data/experiments/abf2_abf3_transfected/02_raw_reads_qc/abf3/SRR15286
157_fastqc/per_sequence_gc_content.png>
Package pdftex.def Info: ../../data/experiments/abf2_abf3_transfected/02_raw_re
ads_qc/abf3/SRR15286157_fastqc/per_sequence_gc_content.png  used on input line 
234.
(pdftex.def)             Requested size: 144.53375pt x 108.40031pt.
<../../data/experiments/abf2_abf3_transfected/02_raw_reads_qc/abf3/SRR15286158_
fastqc/per_sequence_gc_content.png, id=109, 803.0pt x 602.25pt>
File: ../../data/experiments/abf2_abf3_transfected/02_raw_reads_qc/abf3/SRR1528
6158_fastqc/per_sequence_gc_content.png Graphic file (type png)
<use ../../data/experiments/abf2_abf3_transfected/02_raw_reads_qc/abf3/SRR15286
158_fastqc/per_sequence_gc_content.png>
Package pdftex.def Info: ../../data/experiments/abf2_abf3_transfected/02_raw_re
ads_qc/abf3/SRR15286158_fastqc/per_sequence_gc_content.png  used on input line 
235.
(pdftex.def)             Requested size: 144.53375pt x 108.40031pt.
<../../data/experiments/abf2_abf3_transfected/02_raw_reads_qc/abf3/SRR15286159_
fastqc/per_sequence_gc_content.png, id=110, 803.0pt x 602.25pt>
File: ../../data/experiments/abf2_abf3_transfected/02_raw_reads_qc/abf3/SRR1528
6159_fastqc/per_sequence_gc_content.png Graphic file (type png)
<use ../../data/experiments/abf2_abf3_transfected/02_raw_reads_qc/abf3/SRR15286
159_fastqc/per_sequence_gc_content.png>
Package pdftex.def Info: ../../data/experiments/abf2_abf3_transfected/02_raw_re
ads_qc/abf3/SRR15286159_fastqc/per_sequence_gc_content.png  used on input line 
236.
(pdftex.def)             Requested size: 144.53375pt x 108.40031pt.
 [6 <../../data/experiments/abf2_abf3_transfected/02_raw_reads_qc/control/SRR15
286164_fastqc/per_sequence_gc_content.png (PNG copy)> <../../data/experiments/a
bf2_abf3_transfected/02_raw_reads_qc/control/SRR15286165_fastqc/per_sequence_gc
_content.png (PNG copy)> <../../data/experiments/abf2_abf3_transfected/02_raw_r
eads_qc/control/SRR15286166_fastqc/per_sequence_gc_content.png (PNG copy)> <../
../data/experiments/abf2_abf3_transfected/02_raw_reads_qc/abf2/SRR15286160_fast
qc/per_sequence_gc_content.png (PNG copy)> <../../data/experiments/abf2_abf3_tr
ansfected/02_raw_reads_qc/abf2/SRR15286161_fastqc/per_sequence_gc_content.png (
PNG copy)> <../../data/experiments/abf2_abf3_transfected/02_raw_reads_qc/abf2/S
RR15286162_fastqc/per_sequence_gc_content.png (PNG copy)> <../../data/experimen
ts/abf2_abf3_transfected/02_raw_reads_qc/abf3/SRR15286157_fastqc/per_sequence_g
c_content.png (PNG copy)> <../../data/experiments/abf2_abf3_transfected/02_raw_
reads_qc/abf3/SRR15286158_fastqc/per_sequence_gc_content.png (PNG copy)> <../..
/data/experiments/abf2_abf3_transfected/02_raw_reads_qc/abf3/SRR15286159_fastqc
/per_sequence_gc_content.png (PNG copy)>]
<../../data/experiments/abf2_abf3_transfected/02_raw_reads_qc/control/SRR152861
64_fastqc/per_base_sequence_content.png, id=115, 803.0pt x 602.25pt>
File: ../../data/experiments/abf2_abf3_transfected/02_raw_reads_qc/control/SRR1
5286164_fastqc/per_base_sequence_content.png Graphic file (type png)
<use ../../data/experiments/abf2_abf3_transfected/02_raw_reads_qc/control/SRR15
286164_fastqc/per_base_sequence_content.png>
Package pdftex.def Info: ../../data/experiments/abf2_abf3_transfected/02_raw_re
ads_qc/control/SRR15286164_fastqc/per_base_sequence_content.png  used on input 
line 249.
(pdftex.def)             Requested size: 144.53375pt x 108.40031pt.
<../../data/experiments/abf2_abf3_transfected/02_raw_reads_qc/control/SRR152861
65_fastqc/per_base_sequence_content.png, id=116, 803.0pt x 602.25pt>
File: ../../data/experiments/abf2_abf3_transfected/02_raw_reads_qc/control/SRR1
5286165_fastqc/per_base_sequence_content.png Graphic file (type png)
<use ../../data/experiments/abf2_abf3_transfected/02_raw_reads_qc/control/SRR15
286165_fastqc/per_base_sequence_content.png>
Package pdftex.def Info: ../../data/experiments/abf2_abf3_transfected/02_raw_re
ads_qc/control/SRR15286165_fastqc/per_base_sequence_content.png  used on input 
line 250.
(pdftex.def)             Requested size: 144.53375pt x 108.40031pt.
<../../data/experiments/abf2_abf3_transfected/02_raw_reads_qc/control/SRR152861
66_fastqc/per_base_sequence_content.png, id=117, 803.0pt x 602.25pt>
File: ../../data/experiments/abf2_abf3_transfected/02_raw_reads_qc/control/SRR1
5286166_fastqc/per_base_sequence_content.png Graphic file (type png)
<use ../../data/experiments/abf2_abf3_transfected/02_raw_reads_qc/control/SRR15
286166_fastqc/per_base_sequence_content.png>
Package pdftex.def Info: ../../data/experiments/abf2_abf3_transfected/02_raw_re
ads_qc/control/SRR15286166_fastqc/per_base_sequence_content.png  used on input 
line 251.
(pdftex.def)             Requested size: 144.53375pt x 108.40031pt.
<../../data/experiments/abf2_abf3_transfected/02_raw_reads_qc/abf2/SRR15286160_
fastqc/per_base_sequence_content.png, id=118, 803.0pt x 602.25pt>
File: ../../data/experiments/abf2_abf3_transfected/02_raw_reads_qc/abf2/SRR1528
6160_fastqc/per_base_sequence_content.png Graphic file (type png)
<use ../../data/experiments/abf2_abf3_transfected/02_raw_reads_qc/abf2/SRR15286
160_fastqc/per_base_sequence_content.png>
Package pdftex.def Info: ../../data/experiments/abf2_abf3_transfected/02_raw_re
ads_qc/abf2/SRR15286160_fastqc/per_base_sequence_content.png  used on input lin
e 259.
(pdftex.def)             Requested size: 144.53375pt x 108.40031pt.
<../../data/experiments/abf2_abf3_transfected/02_raw_reads_qc/abf2/SRR15286161_
fastqc/per_base_sequence_content.png, id=119, 803.0pt x 602.25pt>
File: ../../data/experiments/abf2_abf3_transfected/02_raw_reads_qc/abf2/SRR1528
6161_fastqc/per_base_sequence_content.png Graphic file (type png)
<use ../../data/experiments/abf2_abf3_transfected/02_raw_reads_qc/abf2/SRR15286
161_fastqc/per_base_sequence_content.png>
Package pdftex.def Info: ../../data/experiments/abf2_abf3_transfected/02_raw_re
ads_qc/abf2/SRR15286161_fastqc/per_base_sequence_content.png  used on input lin
e 260.
(pdftex.def)             Requested size: 144.53375pt x 108.40031pt.
<../../data/experiments/abf2_abf3_transfected/02_raw_reads_qc/abf2/SRR15286162_
fastqc/per_base_sequence_content.png, id=120, 803.0pt x 602.25pt>
File: ../../data/experiments/abf2_abf3_transfected/02_raw_reads_qc/abf2/SRR1528
6162_fastqc/per_base_sequence_content.png Graphic file (type png)
<use ../../data/experiments/abf2_abf3_transfected/02_raw_reads_qc/abf2/SRR15286
162_fastqc/per_base_sequence_content.png>
Package pdftex.def Info: ../../data/experiments/abf2_abf3_transfected/02_raw_re
ads_qc/abf2/SRR15286162_fastqc/per_base_sequence_content.png  used on input lin
e 261.
(pdftex.def)             Requested size: 144.53375pt x 108.40031pt.
<../../data/experiments/abf2_abf3_transfected/02_raw_reads_qc/abf3/SRR15286157_
fastqc/per_base_sequence_content.png, id=121, 803.0pt x 602.25pt>
File: ../../data/experiments/abf2_abf3_transfected/02_raw_reads_qc/abf3/SRR1528
6157_fastqc/per_base_sequence_content.png Graphic file (type png)
<use ../../data/experiments/abf2_abf3_transfected/02_raw_reads_qc/abf3/SRR15286
157_fastqc/per_base_sequence_content.png>
Package pdftex.def Info: ../../data/experiments/abf2_abf3_transfected/02_raw_re
ads_qc/abf3/SRR15286157_fastqc/per_base_sequence_content.png  used on input lin
e 270.
(pdftex.def)             Requested size: 144.53375pt x 108.40031pt.
<../../data/experiments/abf2_abf3_transfected/02_raw_reads_qc/abf3/SRR15286158_
fastqc/per_base_sequence_content.png, id=122, 803.0pt x 602.25pt>
File: ../../data/experiments/abf2_abf3_transfected/02_raw_reads_qc/abf3/SRR1528
6158_fastqc/per_base_sequence_content.png Graphic file (type png)
<use ../../data/experiments/abf2_abf3_transfected/02_raw_reads_qc/abf3/SRR15286
158_fastqc/per_base_sequence_content.png>
Package pdftex.def Info: ../../data/experiments/abf2_abf3_transfected/02_raw_re
ads_qc/abf3/SRR15286158_fastqc/per_base_sequence_content.png  used on input lin
e 271.
(pdftex.def)             Requested size: 144.53375pt x 108.40031pt.
<../../data/experiments/abf2_abf3_transfected/02_raw_reads_qc/abf3/SRR15286159_
fastqc/per_base_sequence_content.png, id=123, 803.0pt x 602.25pt>
File: ../../data/experiments/abf2_abf3_transfected/02_raw_reads_qc/abf3/SRR1528
6159_fastqc/per_base_sequence_content.png Graphic file (type png)
<use ../../data/experiments/abf2_abf3_transfected/02_raw_reads_qc/abf3/SRR15286
159_fastqc/per_base_sequence_content.png>
Package pdftex.def Info: ../../data/experiments/abf2_abf3_transfected/02_raw_re
ads_qc/abf3/SRR15286159_fastqc/per_base_sequence_content.png  used on input lin
e 272.
(pdftex.def)             Requested size: 144.53375pt x 108.40031pt.
 [7 <../../data/experiments/abf2_abf3_transfected/02_raw_reads_qc/control/SRR15
286164_fastqc/per_base_sequence_content.png (PNG copy)> <../../data/experiments
/abf2_abf3_transfected/02_raw_reads_qc/control/SRR15286165_fastqc/per_base_sequ
ence_content.png (PNG copy)> <../../data/experiments/abf2_abf3_transfected/02_r
aw_reads_qc/control/SRR15286166_fastqc/per_base_sequence_content.png (PNG copy)
> <../../data/experiments/abf2_abf3_transfected/02_raw_reads_qc/abf2/SRR1528616
0_fastqc/per_base_sequence_content.png (PNG copy)> <../../data/experiments/abf2
_abf3_transfected/02_raw_reads_qc/abf2/SRR15286161_fastqc/per_base_sequence_con
tent.png (PNG copy)> <../../data/experiments/abf2_abf3_transfected/02_raw_reads
_qc/abf2/SRR15286162_fastqc/per_base_sequence_content.png (PNG copy)> <../../da
ta/experiments/abf2_abf3_transfected/02_raw_reads_qc/abf3/SRR15286157_fastqc/pe
r_base_sequence_content.png (PNG copy)> <../../data/experiments/abf2_abf3_trans
fected/02_raw_reads_qc/abf3/SRR15286158_fastqc/per_base_sequence_content.png (P
NG copy)> <../../data/experiments/abf2_abf3_transfected/02_raw_reads_qc/abf3/SR
R15286159_fastqc/per_base_sequence_content.png (PNG copy)>] (./qc_raw_reads.aux
)
Package rerunfilecheck Info: File `qc_raw_reads.out' has not changed.
(rerunfilecheck)             Checksum: 5B11343C5EFBB06ACC89AE3A3B12586A;830.
 ) 
Here is how much of TeX's memory you used:
 11645 strings out of 477985
 218321 string characters out of 5839369
 1860388 words of memory out of 6000000
 31686 multiletter control sequences out of 15000+600000
 515505 words of font info for 45 fonts, out of 8000000 for 9000
 14 hyphenation exceptions out of 8191
 75i,11n,76p,285b,436s stack positions out of 10000i,1000n,20000p,200000b,200000s
</usr/share/texlive/texmf-dist/fonts/type1/public/amsfonts/cm/cmbx10.pfb></us
r/share/texlive/texmf-dist/fonts/type1/public/amsfonts/cm/cmbx12.pfb></usr/shar
e/texlive/texmf-dist/fonts/type1/public/amsfonts/cm/cmmi10.pfb></usr/share/texl
ive/texmf-dist/fonts/type1/public/amsfonts/cm/cmr10.pfb></usr/share/texlive/tex
mf-dist/fonts/type1/public/amsfonts/cm/cmsy10.pfb>
Output written on qc_raw_reads.pdf (7 pages, 2982999 bytes).
PDF statistics:
 158 PDF objects out of 1000 (max. 8388607)
 84 compressed objects within 1 object stream
 16 named destinations out of 1000 (max. 500000)
 327 words of extra memory for PDF output out of 10000 (max. 10000000)

